// Jest Snapshot v1, https://goo.gl/fbAQLP

exports[`UI snapshot test renders correctly with react-test-renderer 1`] = `
<button
  className="primary"
  onClick={[Function]}
>
  ON
</button>
`;
